../Drivers/STM32C0xx_HAL_Driver/Src/stm32c0xx_hal_rtc.c:514:13:HAL_RTC_MspInit	0	static
../Drivers/STM32C0xx_HAL_Driver/Src/stm32c0xx_hal_rtc.c:529:13:HAL_RTC_MspDeInit	0	static
../Drivers/STM32C0xx_HAL_Driver/Src/stm32c0xx_hal_rtc.c:1156:19:HAL_RTC_DeactivateAlarm	32	static
../Drivers/STM32C0xx_HAL_Driver/Src/stm32c0xx_hal_rtc.c:1298:13:HAL_RTC_AlarmAEventCallback	0	static
../Drivers/STM32C0xx_HAL_Driver/Src/stm32c0xx_hal_rtc.c:1268:6:HAL_RTC_AlarmIRQHandler	8	static
../Drivers/STM32C0xx_HAL_Driver/Src/stm32c0xx_hal_rtc.c:1314:19:HAL_RTC_PollForAlarmAEvent	24	static
../Drivers/STM32C0xx_HAL_Driver/Src/stm32c0xx_hal_rtc.c:1376:19:HAL_RTC_WaitForSynchro	32	static
../Drivers/STM32C0xx_HAL_Driver/Src/stm32c0xx_hal_rtc.c:1430:21:HAL_RTC_GetState	0	static
../Drivers/STM32C0xx_HAL_Driver/Src/stm32c0xx_hal_rtc.c:1453:19:RTC_EnterInitMode	32	static
../Drivers/STM32C0xx_HAL_Driver/Src/stm32c0xx_hal_rtc.c:1494:19:RTC_ExitInitMode	16	static
../Drivers/STM32C0xx_HAL_Driver/Src/stm32c0xx_hal_rtc.c:183:19:HAL_RTC_Init	16	static
../Drivers/STM32C0xx_HAL_Driver/Src/stm32c0xx_hal_rtc.c:285:19:HAL_RTC_DeInit	16	static
../Drivers/STM32C0xx_HAL_Driver/Src/stm32c0xx_hal_rtc.c:1530:9:RTC_ByteToBcd2	0	static
../Drivers/STM32C0xx_HAL_Driver/Src/stm32c0xx_hal_rtc.c:567:19:HAL_RTC_SetTime	40	static
../Drivers/STM32C0xx_HAL_Driver/Src/stm32c0xx_hal_rtc.c:721:19:HAL_RTC_SetDate	40	static
../Drivers/STM32C0xx_HAL_Driver/Src/stm32c0xx_hal_rtc.c:859:19:HAL_RTC_SetAlarm	40	static
../Drivers/STM32C0xx_HAL_Driver/Src/stm32c0xx_hal_rtc.c:1010:19:HAL_RTC_SetAlarm_IT	40	static
../Drivers/STM32C0xx_HAL_Driver/Src/stm32c0xx_hal_rtc.c:1549:9:RTC_Bcd2ToByte	0	static
../Drivers/STM32C0xx_HAL_Driver/Src/stm32c0xx_hal_rtc.c:677:19:HAL_RTC_GetTime	16	static
../Drivers/STM32C0xx_HAL_Driver/Src/stm32c0xx_hal_rtc.c:805:19:HAL_RTC_GetDate	16	static
../Drivers/STM32C0xx_HAL_Driver/Src/stm32c0xx_hal_rtc.c:1223:19:HAL_RTC_GetAlarm	16	static
