../Drivers/STM32C0xx_HAL_Driver/Src/stm32c0xx_hal_rtc_ex.c:122:19:HAL_RTCEx_SetTimeStamp	12	static
../Drivers/STM32C0xx_HAL_Driver/Src/stm32c0xx_hal_rtc_ex.c:179:19:HAL_RTCEx_SetTimeStamp_IT	12	static
../Drivers/STM32C0xx_HAL_Driver/Src/stm32c0xx_hal_rtc_ex.c:227:19:HAL_RTCEx_DeactivateTimeStamp	8	static
../Drivers/STM32C0xx_HAL_Driver/Src/stm32c0xx_hal_rtc_ex.c:270:19:HAL_RTCEx_GetTimeStamp	32	static
../Drivers/STM32C0xx_HAL_Driver/Src/stm32c0xx_hal_rtc_ex.c:321:13:HAL_RTCEx_TimeStampEventCallback	0	static
../Drivers/STM32C0xx_HAL_Driver/Src/stm32c0xx_hal_rtc_ex.c:337:6:HAL_RTCEx_TimeStampIRQHandler	16	static
../Drivers/STM32C0xx_HAL_Driver/Src/stm32c0xx_hal_rtc_ex.c:365:19:HAL_RTCEx_PollForTimeStampEvent	24	static
../Drivers/STM32C0xx_HAL_Driver/Src/stm32c0xx_hal_rtc_ex.c:448:19:HAL_RTCEx_SetSmoothCalib	40	static
../Drivers/STM32C0xx_HAL_Driver/Src/stm32c0xx_hal_rtc_ex.c:523:19:HAL_RTCEx_SetSynchroShift	40	static
../Drivers/STM32C0xx_HAL_Driver/Src/stm32c0xx_hal_rtc_ex.c:625:19:HAL_RTCEx_SetCalibrationOutPut	12	static
../Drivers/STM32C0xx_HAL_Driver/Src/stm32c0xx_hal_rtc_ex.c:663:19:HAL_RTCEx_DeactivateCalibrationOutPut	8	static
../Drivers/STM32C0xx_HAL_Driver/Src/stm32c0xx_hal_rtc_ex.c:692:19:HAL_RTCEx_SetRefClock	16	static
../Drivers/STM32C0xx_HAL_Driver/Src/stm32c0xx_hal_rtc_ex.c:734:19:HAL_RTCEx_DeactivateRefClock	16	static
../Drivers/STM32C0xx_HAL_Driver/Src/stm32c0xx_hal_rtc_ex.c:778:19:HAL_RTCEx_EnableBypassShadow	8	static
../Drivers/STM32C0xx_HAL_Driver/Src/stm32c0xx_hal_rtc_ex.c:810:19:HAL_RTCEx_DisableBypassShadow	8	static
